SQL> REM TOP N ANALYSIS
SQL> 
SQL> SET LINES 240
SQL> SET PAGES 24
SQL> 
SQL> SELECT * FROM EMPLOYEES;

EMPLOYEE_ID FIRST_NAME           LAST_NAME                 EMAIL                     PHONE_NUMBER         HIRE_DATE JOB_ID         SALARY COMMISSION_PCT MANAGER_ID DEPARTMENT_ID                                                               
----------- -------------------- ------------------------- ------------------------- -------------------- --------- ---------- ---------- -------------- ---------- -------------                                                               
        100 Steven               King                      SKING                     515.123.4567         17-JUL-87 AD_PRES         24000                                      90                                                               
        101 Neena                Kochhar                   NKOCHHAR                  515.123.4568         21-SEP-89 AD_VP           17000                       100            90                                                               
        102 Lex                  De Haan                   LDEHAAN                   515.123.4569         13-JAN-93 AD_VP           17000                       100            90                                                               
        103 Alexander            Hunold                    AHUNOLD                   590.423.4567         03-JAN-90 IT_PROG          9000                       102            60                                                               
        104 Bruce                Ernst                     BERNST                    590.423.4568         21-MAY-91 IT_PROG          6000                       103            60                                                               
        107 Diana                Lorentz                   DLORENTZ                  590.423.5567         07-FEB-99 IT_PROG          4200                       103            60                                                               
        124 Kevin                Mourgos                   KMOURGOS                  650.123.5234         16-NOV-99 ST_MAN           5800                       100            50                                                               
        141 Trenna               Rajs                      TRAJS                     650.121.8009         17-OCT-95 ST_CLERK         3500                       124            50                                                               
        142 Curtis               Davies                    CDAVIES                   650.121.2994         29-JAN-97 ST_CLERK         3100                       124            50                                                               
        143 Randall              Matos                     RMATOS                    650.121.2874         15-MAR-98 ST_CLERK         2600                       124            50                                                               
        144 Peter                Vargas                    PVARGAS                   650.121.2004         09-JUL-98 ST_CLERK         2500                       124            50                                                               
        149 Eleni                Zlotkey                   EZLOTKEY                  011.44.1344.429018   29-JAN-00 SA_MAN          10500             .2        100            80                                                               
        174 Ellen                Abel                      EABEL                     011.44.1644.429267   11-MAY-96 SA_REP          11000             .3        149            80                                                               
        176 Jonathon             Taylor                    JTAYLOR                   011.44.1644.429265   24-MAR-98 SA_REP           8600             .3        149            80                                                               
        178 Kimerely             Grant                     KGRANT                    011.44.1644.429263   24-MAY-99 SA_REP           7000            .15        149                                                                             
        200 Jennifer             Whalen                    JWAHLEN                   515.123.4444         17-SEP-87 AD_ASST          4400                       101            10                                                               
        201 Michael              Hartstein                 MHARTSTE                  515.123.5555         17-FEB-96 MK_MAN          13000                       100            20                                                               
        202 Pat                  Fay                       PFAY                      603.123.6666         17-AUG-97 MK_REP           6000                       201            20                                                               
        205 Shelley              Higgins                   SHIGGINS                  515.123.8080         07-JUN-94 AC_MGR          12000                       101           110                                                               
        206 William              Gietz                     WGIETZ                    515.123.8181         07-JUN-94 AC_ACCOUNT       8300                       205           110                                                               

20 rows selected.

SQL> SELECT FIRST_NAME , SALARY FROM EMPLOYEES ORDER BY SALARY;

FIRST_NAME               SALARY                                                                                                                                                                                                                 
-------------------- ----------                                                                                                                                                                                                                 
Peter                      2500                                                                                                                                                                                                                 
Randall                    2600                                                                                                                                                                                                                 
Curtis                     3100                                                                                                                                                                                                                 
Trenna                     3500                                                                                                                                                                                                                 
Diana                      4200                                                                                                                                                                                                                 
Jennifer                   4400                                                                                                                                                                                                                 
Kevin                      5800                                                                                                                                                                                                                 
Bruce                      6000                                                                                                                                                                                                                 
Pat                        6000                                                                                                                                                                                                                 
Kimerely                   7000                                                                                                                                                                                                                 
William                    8300                                                                                                                                                                                                                 
Jonathon                   8600                                                                                                                                                                                                                 
Alexander                  9000                                                                                                                                                                                                                 
Eleni                     10500                                                                                                                                                                                                                 
Ellen                     11000                                                                                                                                                                                                                 
Shelley                   12000                                                                                                                                                                                                                 
Michael                   13000                                                                                                                                                                                                                 
Neena                     17000                                                                                                                                                                                                                 
Lex                       17000                                                                                                                                                                                                                 
Steven                    24000                                                                                                                                                                                                                 

20 rows selected.

SQL> REM BY DEFAULT IT WILL SORT IN ASC ORDER
SQL> 
SQL> SELECT FIRST_NAME , SALARY FROM EMPLOYEES ORDER BY SALARY DESC;

FIRST_NAME               SALARY                                                                                                                                                                                                                 
-------------------- ----------                                                                                                                                                                                                                 
Steven                    24000                                                                                                                                                                                                                 
Neena                     17000                                                                                                                                                                                                                 
Lex                       17000                                                                                                                                                                                                                 
Michael                   13000                                                                                                                                                                                                                 
Shelley                   12000                                                                                                                                                                                                                 
Ellen                     11000                                                                                                                                                                                                                 
Eleni                     10500                                                                                                                                                                                                                 
Alexander                  9000                                                                                                                                                                                                                 
Jonathon                   8600                                                                                                                                                                                                                 
William                    8300                                                                                                                                                                                                                 
Kimerely                   7000                                                                                                                                                                                                                 
Bruce                      6000                                                                                                                                                                                                                 
Pat                        6000                                                                                                                                                                                                                 
Kevin                      5800                                                                                                                                                                                                                 
Jennifer                   4400                                                                                                                                                                                                                 
Diana                      4200                                                                                                                                                                                                                 
Trenna                     3500                                                                                                                                                                                                                 
Curtis                     3100                                                                                                                                                                                                                 
Randall                    2600                                                                                                                                                                                                                 
Peter                      2500                                                                                                                                                                                                                 

20 rows selected.

SQL> SELECT FIRST_NAME , SALARY FROM EMPLOYEES ORDER BY SALARY ASC;

FIRST_NAME               SALARY                                                                                                                                                                                                                 
-------------------- ----------                                                                                                                                                                                                                 
Peter                      2500                                                                                                                                                                                                                 
Randall                    2600                                                                                                                                                                                                                 
Curtis                     3100                                                                                                                                                                                                                 
Trenna                     3500                                                                                                                                                                                                                 
Diana                      4200                                                                                                                                                                                                                 
Jennifer                   4400                                                                                                                                                                                                                 
Kevin                      5800                                                                                                                                                                                                                 
Bruce                      6000                                                                                                                                                                                                                 
Pat                        6000                                                                                                                                                                                                                 
Kimerely                   7000                                                                                                                                                                                                                 
William                    8300                                                                                                                                                                                                                 
Jonathon                   8600                                                                                                                                                                                                                 
Alexander                  9000                                                                                                                                                                                                                 
Eleni                     10500                                                                                                                                                                                                                 
Ellen                     11000                                                                                                                                                                                                                 
Shelley                   12000                                                                                                                                                                                                                 
Michael                   13000                                                                                                                                                                                                                 
Neena                     17000                                                                                                                                                                                                                 
Lex                       17000                                                                                                                                                                                                                 
Steven                    24000                                                                                                                                                                                                                 

20 rows selected.

SQL> SELECT FIRST_NAME NAME,LAST_NAME SURNAME, SALARY INCOME FROM EMPLOYEES ORDER BY SALARY ASC;

NAME                 SURNAME                       INCOME                                                                                                                                                                                       
-------------------- ------------------------- ----------                                                                                                                                                                                       
Peter                Vargas                          2500                                                                                                                                                                                       
Randall              Matos                           2600                                                                                                                                                                                       
Curtis               Davies                          3100                                                                                                                                                                                       
Trenna               Rajs                            3500                                                                                                                                                                                       
Diana                Lorentz                         4200                                                                                                                                                                                       
Jennifer             Whalen                          4400                                                                                                                                                                                       
Kevin                Mourgos                         5800                                                                                                                                                                                       
Bruce                Ernst                           6000                                                                                                                                                                                       
Pat                  Fay                             6000                                                                                                                                                                                       
Kimerely             Grant                           7000                                                                                                                                                                                       
William              Gietz                           8300                                                                                                                                                                                       
Jonathon             Taylor                          8600                                                                                                                                                                                       
Alexander            Hunold                          9000                                                                                                                                                                                       
Eleni                Zlotkey                        10500                                                                                                                                                                                       
Ellen                Abel                           11000                                                                                                                                                                                       
Shelley              Higgins                        12000                                                                                                                                                                                       
Michael              Hartstein                      13000                                                                                                                                                                                       
Neena                Kochhar                        17000                                                                                                                                                                                       
Lex                  De Haan                        17000                                                                                                                                                                                       
Steven               King                           24000                                                                                                                                                                                       

20 rows selected.

SQL> SELECT FIRST_NAME NAME,LAST_NAME SURNAME, SALARY INCOME ,JOB_ID FROM EMPLOYEES ORDER BY SALARY ASC;

NAME                 SURNAME                       INCOME JOB_ID                                                                                                                                                                                
-------------------- ------------------------- ---------- ----------                                                                                                                                                                            
Peter                Vargas                          2500 ST_CLERK                                                                                                                                                                              
Randall              Matos                           2600 ST_CLERK                                                                                                                                                                              
Curtis               Davies                          3100 ST_CLERK                                                                                                                                                                              
Trenna               Rajs                            3500 ST_CLERK                                                                                                                                                                              
Diana                Lorentz                         4200 IT_PROG                                                                                                                                                                               
Jennifer             Whalen                          4400 AD_ASST                                                                                                                                                                               
Kevin                Mourgos                         5800 ST_MAN                                                                                                                                                                                
Bruce                Ernst                           6000 IT_PROG                                                                                                                                                                               
Pat                  Fay                             6000 MK_REP                                                                                                                                                                                
Kimerely             Grant                           7000 SA_REP                                                                                                                                                                                
William              Gietz                           8300 AC_ACCOUNT                                                                                                                                                                            
Jonathon             Taylor                          8600 SA_REP                                                                                                                                                                                
Alexander            Hunold                          9000 IT_PROG                                                                                                                                                                               
Eleni                Zlotkey                        10500 SA_MAN                                                                                                                                                                                
Ellen                Abel                           11000 SA_REP                                                                                                                                                                                
Shelley              Higgins                        12000 AC_MGR                                                                                                                                                                                
Michael              Hartstein                      13000 MK_MAN                                                                                                                                                                                
Neena                Kochhar                        17000 AD_VP                                                                                                                                                                                 
Lex                  De Haan                        17000 AD_VP                                                                                                                                                                                 
Steven               King                           24000 AD_PRES                                                                                                                                                                               

20 rows selected.

SQL> SELECT FIRST_NAME NAME,LAST_NAME SURNAME, SALARY INCOME ,JOB_ID FROM EMPLOYEES ORDER BY JOB_ID;

NAME                 SURNAME                       INCOME JOB_ID                                                                                                                                                                                
-------------------- ------------------------- ---------- ----------                                                                                                                                                                            
William              Gietz                           8300 AC_ACCOUNT                                                                                                                                                                            
Shelley              Higgins                        12000 AC_MGR                                                                                                                                                                                
Jennifer             Whalen                          4400 AD_ASST                                                                                                                                                                               
Steven               King                           24000 AD_PRES                                                                                                                                                                               
Lex                  De Haan                        17000 AD_VP                                                                                                                                                                                 
Neena                Kochhar                        17000 AD_VP                                                                                                                                                                                 
Alexander            Hunold                          9000 IT_PROG                                                                                                                                                                               
Bruce                Ernst                           6000 IT_PROG                                                                                                                                                                               
Diana                Lorentz                         4200 IT_PROG                                                                                                                                                                               
Michael              Hartstein                      13000 MK_MAN                                                                                                                                                                                
Pat                  Fay                             6000 MK_REP                                                                                                                                                                                
Eleni                Zlotkey                        10500 SA_MAN                                                                                                                                                                                
Ellen                Abel                           11000 SA_REP                                                                                                                                                                                
Kimerely             Grant                           7000 SA_REP                                                                                                                                                                                
Jonathon             Taylor                          8600 SA_REP                                                                                                                                                                                
Randall              Matos                           2600 ST_CLERK                                                                                                                                                                              
Curtis               Davies                          3100 ST_CLERK                                                                                                                                                                              
Trenna               Rajs                            3500 ST_CLERK                                                                                                                                                                              
Peter                Vargas                          2500 ST_CLERK                                                                                                                                                                              
Kevin                Mourgos                         5800 ST_MAN                                                                                                                                                                                

20 rows selected.

SQL> SELECCT FIRST_NAME ,SALARY FROM EMPLOYEES;
SP2-0734: unknown command beginning "SELECCT FI..." - rest of line ignored.
SQL> SELECT FIRST_NAME ,SALARY FROM EMPLOYEES;

FIRST_NAME               SALARY                                                                                                                                                                                                                 
-------------------- ----------                                                                                                                                                                                                                 
Steven                    24000                                                                                                                                                                                                                 
Neena                     17000                                                                                                                                                                                                                 
Lex                       17000                                                                                                                                                                                                                 
Alexander                  9000                                                                                                                                                                                                                 
Bruce                      6000                                                                                                                                                                                                                 
Diana                      4200                                                                                                                                                                                                                 
Kevin                      5800                                                                                                                                                                                                                 
Trenna                     3500                                                                                                                                                                                                                 
Curtis                     3100                                                                                                                                                                                                                 
Randall                    2600                                                                                                                                                                                                                 
Peter                      2500                                                                                                                                                                                                                 
Eleni                     10500                                                                                                                                                                                                                 
Ellen                     11000                                                                                                                                                                                                                 
Jonathon                   8600                                                                                                                                                                                                                 
Kimerely                   7000                                                                                                                                                                                                                 
Jennifer                   4400                                                                                                                                                                                                                 
Michael                   13000                                                                                                                                                                                                                 
Pat                        6000                                                                                                                                                                                                                 
Shelley                   12000                                                                                                                                                                                                                 
William                    8300                                                                                                                                                                                                                 

20 rows selected.

SQL> SELECT ROW_ID,FIRST_NAME ,SALARY FROM EMPLOYEES;
SELECT ROW_ID,FIRST_NAME ,SALARY FROM EMPLOYEES
       *
ERROR at line 1:
ORA-00904: "ROW_ID": invalid identifier 


SQL> SELECT ROWID,FIRST_NAME ,SALARY FROM EMPLOYEES;

ROWID              FIRST_NAME               SALARY                                                                                                                                                                                              
------------------ -------------------- ----------                                                                                                                                                                                              
AAAR70AABAAAZBBAAA Steven                    24000                                                                                                                                                                                              
AAAR70AABAAAZBBAAB Neena                     17000                                                                                                                                                                                              
AAAR70AABAAAZBBAAC Lex                       17000                                                                                                                                                                                              
AAAR70AABAAAZBBAAD Alexander                  9000                                                                                                                                                                                              
AAAR70AABAAAZBBAAE Bruce                      6000                                                                                                                                                                                              
AAAR70AABAAAZBBAAF Diana                      4200                                                                                                                                                                                              
AAAR70AABAAAZBBAAG Kevin                      5800                                                                                                                                                                                              
AAAR70AABAAAZBBAAH Trenna                     3500                                                                                                                                                                                              
AAAR70AABAAAZBBAAI Curtis                     3100                                                                                                                                                                                              
AAAR70AABAAAZBBAAJ Randall                    2600                                                                                                                                                                                              
AAAR70AABAAAZBBAAK Peter                      2500                                                                                                                                                                                              
AAAR70AABAAAZBBAAL Eleni                     10500                                                                                                                                                                                              
AAAR70AABAAAZBBAAM Ellen                     11000                                                                                                                                                                                              
AAAR70AABAAAZBBAAN Jonathon                   8600                                                                                                                                                                                              
AAAR70AABAAAZBBAAO Kimerely                   7000                                                                                                                                                                                              
AAAR70AABAAAZBBAAP Jennifer                   4400                                                                                                                                                                                              
AAAR70AABAAAZBBAAQ Michael                   13000                                                                                                                                                                                              
AAAR70AABAAAZBBAAR Pat                        6000                                                                                                                                                                                              
AAAR70AABAAAZBBAAS Shelley                   12000                                                                                                                                                                                              
AAAR70AABAAAZBBAAT William                    8300                                                                                                                                                                                              

20 rows selected.

SQL> REM BY DEFAULT IT IS SORT ACCORDING TO ROWID
SQL> 
SQL> SELECT FIRST_NAME NAME,SALARY FROM EMPLOYEES;

NAME                     SALARY                                                                                                                                                                                                                 
-------------------- ----------                                                                                                                                                                                                                 
Steven                    24000                                                                                                                                                                                                                 
Neena                     17000                                                                                                                                                                                                                 
Lex                       17000                                                                                                                                                                                                                 
Alexander                  9000                                                                                                                                                                                                                 
Bruce                      6000                                                                                                                                                                                                                 
Diana                      4200                                                                                                                                                                                                                 
Kevin                      5800                                                                                                                                                                                                                 
Trenna                     3500                                                                                                                                                                                                                 
Curtis                     3100                                                                                                                                                                                                                 
Randall                    2600                                                                                                                                                                                                                 
Peter                      2500                                                                                                                                                                                                                 
Eleni                     10500                                                                                                                                                                                                                 
Ellen                     11000                                                                                                                                                                                                                 
Jonathon                   8600                                                                                                                                                                                                                 
Kimerely                   7000                                                                                                                                                                                                                 
Jennifer                   4400                                                                                                                                                                                                                 
Michael                   13000                                                                                                                                                                                                                 
Pat                        6000                                                                                                                                                                                                                 
Shelley                   12000                                                                                                                                                                                                                 
William                    8300                                                                                                                                                                                                                 

20 rows selected.

SQL> SELECT FIRST_NAME NAME,SALARY FROM EMPLOYEES ORDER BY NAME;

NAME                     SALARY                                                                                                                                                                                                                 
-------------------- ----------                                                                                                                                                                                                                 
Alexander                  9000                                                                                                                                                                                                                 
Bruce                      6000                                                                                                                                                                                                                 
Curtis                     3100                                                                                                                                                                                                                 
Diana                      4200                                                                                                                                                                                                                 
Eleni                     10500                                                                                                                                                                                                                 
Ellen                     11000                                                                                                                                                                                                                 
Jennifer                   4400                                                                                                                                                                                                                 
Jonathon                   8600                                                                                                                                                                                                                 
Kevin                      5800                                                                                                                                                                                                                 
Kimerely                   7000                                                                                                                                                                                                                 
Lex                       17000                                                                                                                                                                                                                 
Michael                   13000                                                                                                                                                                                                                 
Neena                     17000                                                                                                                                                                                                                 
Pat                        6000                                                                                                                                                                                                                 
Peter                      2500                                                                                                                                                                                                                 
Randall                    2600                                                                                                                                                                                                                 
Shelley                   12000                                                                                                                                                                                                                 
Steven                    24000                                                                                                                                                                                                                 
Trenna                     3500                                                                                                                                                                                                                 
William                    8300                                                                                                                                                                                                                 

20 rows selected.

SQL> SELECT FIRST_NAME NAME ,LAST_NAME SURNAME ,JOB_ID FROM EMPLOYEES ORDER BY NAME;

NAME                 SURNAME                   JOB_ID                                                                                                                                                                                           
-------------------- ------------------------- ----------                                                                                                                                                                                       
Alexander            Hunold                    IT_PROG                                                                                                                                                                                          
Bruce                Ernst                     IT_PROG                                                                                                                                                                                          
Curtis               Davies                    ST_CLERK                                                                                                                                                                                         
Diana                Lorentz                   IT_PROG                                                                                                                                                                                          
Eleni                Zlotkey                   SA_MAN                                                                                                                                                                                           
Ellen                Abel                      SA_REP                                                                                                                                                                                           
Jennifer             Whalen                    AD_ASST                                                                                                                                                                                          
Jonathon             Taylor                    SA_REP                                                                                                                                                                                           
Kevin                Mourgos                   ST_MAN                                                                                                                                                                                           
Kimerely             Grant                     SA_REP                                                                                                                                                                                           
Lex                  De Haan                   AD_VP                                                                                                                                                                                            
Michael              Hartstein                 MK_MAN                                                                                                                                                                                           
Neena                Kochhar                   AD_VP                                                                                                                                                                                            
Pat                  Fay                       MK_REP                                                                                                                                                                                           
Peter                Vargas                    ST_CLERK                                                                                                                                                                                         
Randall              Matos                     ST_CLERK                                                                                                                                                                                         
Shelley              Higgins                   AC_MGR                                                                                                                                                                                           
Steven               King                      AD_PRES                                                                                                                                                                                          
Trenna               Rajs                      ST_CLERK                                                                                                                                                                                         
William              Gietz                     AC_ACCOUNT                                                                                                                                                                                       

20 rows selected.

SQL> SELECT FIRST_NAME NAME ,LAST_NAME SURNAME ,JOB_ID FROM EMPLOYEES ORDER BY NAME,JOB_ID;

NAME                 SURNAME                   JOB_ID                                                                                                                                                                                           
-------------------- ------------------------- ----------                                                                                                                                                                                       
Alexander            Hunold                    IT_PROG                                                                                                                                                                                          
Bruce                Ernst                     IT_PROG                                                                                                                                                                                          
Curtis               Davies                    ST_CLERK                                                                                                                                                                                         
Diana                Lorentz                   IT_PROG                                                                                                                                                                                          
Eleni                Zlotkey                   SA_MAN                                                                                                                                                                                           
Ellen                Abel                      SA_REP                                                                                                                                                                                           
Jennifer             Whalen                    AD_ASST                                                                                                                                                                                          
Jonathon             Taylor                    SA_REP                                                                                                                                                                                           
Kevin                Mourgos                   ST_MAN                                                                                                                                                                                           
Kimerely             Grant                     SA_REP                                                                                                                                                                                           
Lex                  De Haan                   AD_VP                                                                                                                                                                                            
Michael              Hartstein                 MK_MAN                                                                                                                                                                                           
Neena                Kochhar                   AD_VP                                                                                                                                                                                            
Pat                  Fay                       MK_REP                                                                                                                                                                                           
Peter                Vargas                    ST_CLERK                                                                                                                                                                                         
Randall              Matos                     ST_CLERK                                                                                                                                                                                         
Shelley              Higgins                   AC_MGR                                                                                                                                                                                           
Steven               King                      AD_PRES                                                                                                                                                                                          
Trenna               Rajs                      ST_CLERK                                                                                                                                                                                         
William              Gietz                     AC_ACCOUNT                                                                                                                                                                                       

20 rows selected.

SQL> SELECT FIRST_NAME NAME ,LAST_NAME SURNAME ,SALARY ,JOB_ID FROM EMPLOYEES ORDER BY SALARY,JOB_ID;

NAME                 SURNAME                       SALARY JOB_ID                                                                                                                                                                                
-------------------- ------------------------- ---------- ----------                                                                                                                                                                            
Peter                Vargas                          2500 ST_CLERK                                                                                                                                                                              
Randall              Matos                           2600 ST_CLERK                                                                                                                                                                              
Curtis               Davies                          3100 ST_CLERK                                                                                                                                                                              
Trenna               Rajs                            3500 ST_CLERK                                                                                                                                                                              
Diana                Lorentz                         4200 IT_PROG                                                                                                                                                                               
Jennifer             Whalen                          4400 AD_ASST                                                                                                                                                                               
Kevin                Mourgos                         5800 ST_MAN                                                                                                                                                                                
Bruce                Ernst                           6000 IT_PROG                                                                                                                                                                               
Pat                  Fay                             6000 MK_REP                                                                                                                                                                                
Kimerely             Grant                           7000 SA_REP                                                                                                                                                                                
William              Gietz                           8300 AC_ACCOUNT                                                                                                                                                                            
Jonathon             Taylor                          8600 SA_REP                                                                                                                                                                                
Alexander            Hunold                          9000 IT_PROG                                                                                                                                                                               
Eleni                Zlotkey                        10500 SA_MAN                                                                                                                                                                                
Ellen                Abel                           11000 SA_REP                                                                                                                                                                                
Shelley              Higgins                        12000 AC_MGR                                                                                                                                                                                
Michael              Hartstein                      13000 MK_MAN                                                                                                                                                                                
Neena                Kochhar                        17000 AD_VP                                                                                                                                                                                 
Lex                  De Haan                        17000 AD_VP                                                                                                                                                                                 
Steven               King                           24000 AD_PRES                                                                                                                                                                               

20 rows selected.

SQL> SELECT FIRST_NAME NAME ,LAST_NAME SURNAME ,SALARY ,JOB_ID FROM EMPLOYEES ORDER BY SALARY;

NAME                 SURNAME                       SALARY JOB_ID                                                                                                                                                                                
-------------------- ------------------------- ---------- ----------                                                                                                                                                                            
Peter                Vargas                          2500 ST_CLERK                                                                                                                                                                              
Randall              Matos                           2600 ST_CLERK                                                                                                                                                                              
Curtis               Davies                          3100 ST_CLERK                                                                                                                                                                              
Trenna               Rajs                            3500 ST_CLERK                                                                                                                                                                              
Diana                Lorentz                         4200 IT_PROG                                                                                                                                                                               
Jennifer             Whalen                          4400 AD_ASST                                                                                                                                                                               
Kevin                Mourgos                         5800 ST_MAN                                                                                                                                                                                
Bruce                Ernst                           6000 IT_PROG                                                                                                                                                                               
Pat                  Fay                             6000 MK_REP                                                                                                                                                                                
Kimerely             Grant                           7000 SA_REP                                                                                                                                                                                
William              Gietz                           8300 AC_ACCOUNT                                                                                                                                                                            
Jonathon             Taylor                          8600 SA_REP                                                                                                                                                                                
Alexander            Hunold                          9000 IT_PROG                                                                                                                                                                               
Eleni                Zlotkey                        10500 SA_MAN                                                                                                                                                                                
Ellen                Abel                           11000 SA_REP                                                                                                                                                                                
Shelley              Higgins                        12000 AC_MGR                                                                                                                                                                                
Michael              Hartstein                      13000 MK_MAN                                                                                                                                                                                
Neena                Kochhar                        17000 AD_VP                                                                                                                                                                                 
Lex                  De Haan                        17000 AD_VP                                                                                                                                                                                 
Steven               King                           24000 AD_PRES                                                                                                                                                                               

20 rows selected.

SQL> SELECT FIRST_NAME NAME ,LAST_NAME SURNAME ,SALARY ,JOB_ID FROM EMYEES ORDER BY SALARY;
SELECT FIRST_NAME NAME ,LAST_NAME SURNAME ,SALARY ,JOB_ID FROM EMYEES ORDER BY SALARY
                                                               *
ERROR at line 1:
ORA-00942: table or view does not exist 


SQL> 
SQL> SELECT * FROM EMPLOYEES;

EMPLOYEE_ID FIRST_NAME           LAST_NAME                 EMAIL                     PHONE_NUMBER         HIRE_DATE JOB_ID         SALARY COMMISSION_PCT MANAGER_ID DEPARTMENT_ID                                                               
----------- -------------------- ------------------------- ------------------------- -------------------- --------- ---------- ---------- -------------- ---------- -------------                                                               
        100 Steven               King                      SKING                     515.123.4567         17-JUL-87 AD_PRES         24000                                      90                                                               
        101 Neena                Kochhar                   NKOCHHAR                  515.123.4568         21-SEP-89 AD_VP           17000                       100            90                                                               
        102 Lex                  De Haan                   LDEHAAN                   515.123.4569         13-JAN-93 AD_VP           17000                       100            90                                                               
        103 Alexander            Hunold                    AHUNOLD                   590.423.4567         03-JAN-90 IT_PROG          9000                       102            60                                                               
        104 Bruce                Ernst                     BERNST                    590.423.4568         21-MAY-91 IT_PROG          6000                       103            60                                                               
        107 Diana                Lorentz                   DLORENTZ                  590.423.5567         07-FEB-99 IT_PROG          4200                       103            60                                                               
        124 Kevin                Mourgos                   KMOURGOS                  650.123.5234         16-NOV-99 ST_MAN           5800                       100            50                                                               
        141 Trenna               Rajs                      TRAJS                     650.121.8009         17-OCT-95 ST_CLERK         3500                       124            50                                                               
        142 Curtis               Davies                    CDAVIES                   650.121.2994         29-JAN-97 ST_CLERK         3100                       124            50                                                               
        143 Randall              Matos                     RMATOS                    650.121.2874         15-MAR-98 ST_CLERK         2600                       124            50                                                               
        144 Peter                Vargas                    PVARGAS                   650.121.2004         09-JUL-98 ST_CLERK         2500                       124            50                                                               
        149 Eleni                Zlotkey                   EZLOTKEY                  011.44.1344.429018   29-JAN-00 SA_MAN          10500             .2        100            80                                                               
        174 Ellen                Abel                      EABEL                     011.44.1644.429267   11-MAY-96 SA_REP          11000             .3        149            80                                                               
        176 Jonathon             Taylor                    JTAYLOR                   011.44.1644.429265   24-MAR-98 SA_REP           8600             .3        149            80                                                               
        178 Kimerely             Grant                     KGRANT                    011.44.1644.429263   24-MAY-99 SA_REP           7000            .15        149                                                                             
        200 Jennifer             Whalen                    JWAHLEN                   515.123.4444         17-SEP-87 AD_ASST          4400                       101            10                                                               
        201 Michael              Hartstein                 MHARTSTE                  515.123.5555         17-FEB-96 MK_MAN          13000                       100            20                                                               
        202 Pat                  Fay                       PFAY                      603.123.6666         17-AUG-97 MK_REP           6000                       201            20                                                               
        205 Shelley              Higgins                   SHIGGINS                  515.123.8080         07-JUN-94 AC_MGR          12000                       101           110                                                               
        206 William              Gietz                     WGIETZ                    515.123.8181         07-JUN-94 AC_ACCOUNT       8300                       205           110                                                               

20 rows selected.

SQL> SELECT JOB_ID,DEPARTMENT_ID FROM EMPLOYEES;

JOB_ID     DEPARTMENT_ID                                                                                                                                                                                                                        
---------- -------------                                                                                                                                                                                                                        
AD_PRES               90                                                                                                                                                                                                                        
AD_VP                 90                                                                                                                                                                                                                        
AD_VP                 90                                                                                                                                                                                                                        
IT_PROG               60                                                                                                                                                                                                                        
IT_PROG               60                                                                                                                                                                                                                        
IT_PROG               60                                                                                                                                                                                                                        
ST_MAN                50                                                                                                                                                                                                                        
ST_CLERK              50                                                                                                                                                                                                                        
ST_CLERK              50                                                                                                                                                                                                                        
ST_CLERK              50                                                                                                                                                                                                                        
ST_CLERK              50                                                                                                                                                                                                                        
SA_MAN                80                                                                                                                                                                                                                        
SA_REP                80                                                                                                                                                                                                                        
SA_REP                80                                                                                                                                                                                                                        
SA_REP                                                                                                                                                                                                                                          
AD_ASST               10                                                                                                                                                                                                                        
MK_MAN                20                                                                                                                                                                                                                        
MK_REP                20                                                                                                                                                                                                                        
AC_MGR               110                                                                                                                                                                                                                        
AC_ACCOUNT           110                                                                                                                                                                                                                        

20 rows selected.

SQL> SELECT JOB_ID,DEPARTMENT_ID FROM EMPLOYEES ORDER BY JOB_ID;

JOB_ID     DEPARTMENT_ID                                                                                                                                                                                                                        
---------- -------------                                                                                                                                                                                                                        
AC_ACCOUNT           110                                                                                                                                                                                                                        
AC_MGR               110                                                                                                                                                                                                                        
AD_ASST               10                                                                                                                                                                                                                        
AD_PRES               90                                                                                                                                                                                                                        
AD_VP                 90                                                                                                                                                                                                                        
AD_VP                 90                                                                                                                                                                                                                        
IT_PROG               60                                                                                                                                                                                                                        
IT_PROG               60                                                                                                                                                                                                                        
IT_PROG               60                                                                                                                                                                                                                        
MK_MAN                20                                                                                                                                                                                                                        
MK_REP                20                                                                                                                                                                                                                        
SA_MAN                80                                                                                                                                                                                                                        
SA_REP                80                                                                                                                                                                                                                        
SA_REP                                                                                                                                                                                                                                          
SA_REP                80                                                                                                                                                                                                                        
ST_CLERK              50                                                                                                                                                                                                                        
ST_CLERK              50                                                                                                                                                                                                                        
ST_CLERK              50                                                                                                                                                                                                                        
ST_CLERK              50                                                                                                                                                                                                                        
ST_MAN                50                                                                                                                                                                                                                        

20 rows selected.

SQL> SELECT JOB_ID,DEPARTMENT_ID,FIRST_NAME,SALARY  FROM EMPLOYEES ORDER BY JOB_ID;

JOB_ID     DEPARTMENT_ID FIRST_NAME               SALARY                                                                                                                                                                                        
---------- ------------- -------------------- ----------                                                                                                                                                                                        
AC_ACCOUNT           110 William                    8300                                                                                                                                                                                        
AC_MGR               110 Shelley                   12000                                                                                                                                                                                        
AD_ASST               10 Jennifer                   4400                                                                                                                                                                                        
AD_PRES               90 Steven                    24000                                                                                                                                                                                        
AD_VP                 90 Lex                       17000                                                                                                                                                                                        
AD_VP                 90 Neena                     17000                                                                                                                                                                                        
IT_PROG               60 Alexander                  9000                                                                                                                                                                                        
IT_PROG               60 Bruce                      6000                                                                                                                                                                                        
IT_PROG               60 Diana                      4200                                                                                                                                                                                        
MK_MAN                20 Michael                   13000                                                                                                                                                                                        
MK_REP                20 Pat                        6000                                                                                                                                                                                        
SA_MAN                80 Eleni                     10500                                                                                                                                                                                        
SA_REP                80 Ellen                     11000                                                                                                                                                                                        
SA_REP                   Kimerely                   7000                                                                                                                                                                                        
SA_REP                80 Jonathon                   8600                                                                                                                                                                                        
ST_CLERK              50 Randall                    2600                                                                                                                                                                                        
ST_CLERK              50 Curtis                     3100                                                                                                                                                                                        
ST_CLERK              50 Trenna                     3500                                                                                                                                                                                        
ST_CLERK              50 Peter                      2500                                                                                                                                                                                        
ST_MAN                50 Kevin                      5800                                                                                                                                                                                        

20 rows selected.

SQL> SELECT JOB_ID,DEPARTMENT_ID,FIRST_NAME,SALARY  FROM EMPLOYEES ORDER BY JOB_ID,DEPARTMENT_ID;

JOB_ID     DEPARTMENT_ID FIRST_NAME               SALARY                                                                                                                                                                                        
---------- ------------- -------------------- ----------                                                                                                                                                                                        
AC_ACCOUNT           110 William                    8300                                                                                                                                                                                        
AC_MGR               110 Shelley                   12000                                                                                                                                                                                        
AD_ASST               10 Jennifer                   4400                                                                                                                                                                                        
AD_PRES               90 Steven                    24000                                                                                                                                                                                        
AD_VP                 90 Lex                       17000                                                                                                                                                                                        
AD_VP                 90 Neena                     17000                                                                                                                                                                                        
IT_PROG               60 Alexander                  9000                                                                                                                                                                                        
IT_PROG               60 Bruce                      6000                                                                                                                                                                                        
IT_PROG               60 Diana                      4200                                                                                                                                                                                        
MK_MAN                20 Michael                   13000                                                                                                                                                                                        
MK_REP                20 Pat                        6000                                                                                                                                                                                        
SA_MAN                80 Eleni                     10500                                                                                                                                                                                        
SA_REP                80 Ellen                     11000                                                                                                                                                                                        
SA_REP                80 Jonathon                   8600                                                                                                                                                                                        
SA_REP                   Kimerely                   7000                                                                                                                                                                                        
ST_CLERK              50 Randall                    2600                                                                                                                                                                                        
ST_CLERK              50 Curtis                     3100                                                                                                                                                                                        
ST_CLERK              50 Trenna                     3500                                                                                                                                                                                        
ST_CLERK              50 Peter                      2500                                                                                                                                                                                        
ST_MAN                50 Kevin                      5800                                                                                                                                                                                        

20 rows selected.

SQL> SELECT JOB_ID,DEPARTMENT_ID,FIRST_NAME,SALARY  FROM EMPLOYEES ORDER BY 2;

JOB_ID     DEPARTMENT_ID FIRST_NAME               SALARY                                                                                                                                                                                        
---------- ------------- -------------------- ----------                                                                                                                                                                                        
AD_ASST               10 Jennifer                   4400                                                                                                                                                                                        
MK_MAN                20 Michael                   13000                                                                                                                                                                                        
MK_REP                20 Pat                        6000                                                                                                                                                                                        
ST_MAN                50 Kevin                      5800                                                                                                                                                                                        
ST_CLERK              50 Peter                      2500                                                                                                                                                                                        
ST_CLERK              50 Randall                    2600                                                                                                                                                                                        
ST_CLERK              50 Curtis                     3100                                                                                                                                                                                        
ST_CLERK              50 Trenna                     3500                                                                                                                                                                                        
IT_PROG               60 Diana                      4200                                                                                                                                                                                        
IT_PROG               60 Bruce                      6000                                                                                                                                                                                        
IT_PROG               60 Alexander                  9000                                                                                                                                                                                        
SA_REP                80 Ellen                     11000                                                                                                                                                                                        
SA_MAN                80 Eleni                     10500                                                                                                                                                                                        
SA_REP                80 Jonathon                   8600                                                                                                                                                                                        
AD_VP                 90 Lex                       17000                                                                                                                                                                                        
AD_PRES               90 Steven                    24000                                                                                                                                                                                        
AD_VP                 90 Neena                     17000                                                                                                                                                                                        
AC_ACCOUNT           110 William                    8300                                                                                                                                                                                        
AC_MGR               110 Shelley                   12000                                                                                                                                                                                        
SA_REP                   Kimerely                   7000                                                                                                                                                                                        

20 rows selected.

SQL> SELECT JOB_ID DEGISNATION,DEPARTMENT_ID,FIRST_NAME,SALARY  FROM EMPLOYEES ORDER BY 2,DESGNATION DESC;
SELECT JOB_ID DEGISNATION,DEPARTMENT_ID,FIRST_NAME,SALARY  FROM EMPLOYEES ORDER BY 2,DESGNATION DESC
                                                                                     *
ERROR at line 1:
ORA-00904: "DESGNATION": invalid identifier 


SQL> SELECT JOB_ID DEGISNATION,DEPARTMENT_ID,FIRST_NAME,SALARY  FROM EMPLOYEES ORDER BY 2,DESIGNATION DESC;
SELECT JOB_ID DEGISNATION,DEPARTMENT_ID,FIRST_NAME,SALARY  FROM EMPLOYEES ORDER BY 2,DESIGNATION DESC
                                                                                     *
ERROR at line 1:
ORA-00904: "DESIGNATION": invalid identifier 


SQL> SELECT JOB_ID DEGISNATION,DEPARTMENT_ID,FIRST_NAME,SALARY  FROM EMPLOYEES ORDER BY 2,DEGISNATION DESC;

DEGISNATIO DEPARTMENT_ID FIRST_NAME               SALARY                                                                                                                                                                                        
---------- ------------- -------------------- ----------                                                                                                                                                                                        
AD_ASST               10 Jennifer                   4400                                                                                                                                                                                        
MK_REP                20 Pat                        6000                                                                                                                                                                                        
MK_MAN                20 Michael                   13000                                                                                                                                                                                        
ST_MAN                50 Kevin                      5800                                                                                                                                                                                        
ST_CLERK              50 Curtis                     3100                                                                                                                                                                                        
ST_CLERK              50 Peter                      2500                                                                                                                                                                                        
ST_CLERK              50 Randall                    2600                                                                                                                                                                                        
ST_CLERK              50 Trenna                     3500                                                                                                                                                                                        
IT_PROG               60 Alexander                  9000                                                                                                                                                                                        
IT_PROG               60 Diana                      4200                                                                                                                                                                                        
IT_PROG               60 Bruce                      6000                                                                                                                                                                                        
SA_REP                80 Ellen                     11000                                                                                                                                                                                        
SA_REP                80 Jonathon                   8600                                                                                                                                                                                        
SA_MAN                80 Eleni                     10500                                                                                                                                                                                        
AD_VP                 90 Lex                       17000                                                                                                                                                                                        
AD_VP                 90 Neena                     17000                                                                                                                                                                                        
AD_PRES               90 Steven                    24000                                                                                                                                                                                        
AC_MGR               110 Shelley                   12000                                                                                                                                                                                        
AC_ACCOUNT           110 William                    8300                                                                                                                                                                                        
SA_REP                   Kimerely                   7000                                                                                                                                                                                        

20 rows selected.

SQL> SELECT JOB_ID,DEPARTMENT_ID,FIRST_NAME,SALARY  FROM EMPLOYEES ORDER BY JOB_ID,DEPARTMENT_ID;

JOB_ID     DEPARTMENT_ID FIRST_NAME               SALARY                                                                                                                                                                                        
---------- ------------- -------------------- ----------                                                                                                                                                                                        
AC_ACCOUNT           110 William                    8300                                                                                                                                                                                        
AC_MGR               110 Shelley                   12000                                                                                                                                                                                        
AD_ASST               10 Jennifer                   4400                                                                                                                                                                                        
AD_PRES               90 Steven                    24000                                                                                                                                                                                        
AD_VP                 90 Lex                       17000                                                                                                                                                                                        
AD_VP                 90 Neena                     17000                                                                                                                                                                                        
IT_PROG               60 Alexander                  9000                                                                                                                                                                                        
IT_PROG               60 Bruce                      6000                                                                                                                                                                                        
IT_PROG               60 Diana                      4200                                                                                                                                                                                        
MK_MAN                20 Michael                   13000                                                                                                                                                                                        
MK_REP                20 Pat                        6000                                                                                                                                                                                        
SA_MAN                80 Eleni                     10500                                                                                                                                                                                        
SA_REP                80 Ellen                     11000                                                                                                                                                                                        
SA_REP                80 Jonathon                   8600                                                                                                                                                                                        
SA_REP                   Kimerely                   7000                                                                                                                                                                                        
ST_CLERK              50 Randall                    2600                                                                                                                                                                                        
ST_CLERK              50 Curtis                     3100                                                                                                                                                                                        
ST_CLERK              50 Trenna                     3500                                                                                                                                                                                        
ST_CLERK              50 Peter                      2500                                                                                                                                                                                        
ST_MAN                50 Kevin                      5800                                                                                                                                                                                        

20 rows selected.

SQL> SELECT JOB_ID,DEPARTMENT_ID,FIRST_NAME,SALARY  FROM EMPLOYEES ORDER BY JOB_ID,DEPARTMENT_ID DESC;

JOB_ID     DEPARTMENT_ID FIRST_NAME               SALARY                                                                                                                                                                                        
---------- ------------- -------------------- ----------                                                                                                                                                                                        
AC_ACCOUNT           110 William                    8300                                                                                                                                                                                        
AC_MGR               110 Shelley                   12000                                                                                                                                                                                        
AD_ASST               10 Jennifer                   4400                                                                                                                                                                                        
AD_PRES               90 Steven                    24000                                                                                                                                                                                        
AD_VP                 90 Lex                       17000                                                                                                                                                                                        
AD_VP                 90 Neena                     17000                                                                                                                                                                                        
IT_PROG               60 Alexander                  9000                                                                                                                                                                                        
IT_PROG               60 Bruce                      6000                                                                                                                                                                                        
IT_PROG               60 Diana                      4200                                                                                                                                                                                        
MK_MAN                20 Michael                   13000                                                                                                                                                                                        
MK_REP                20 Pat                        6000                                                                                                                                                                                        
SA_MAN                80 Eleni                     10500                                                                                                                                                                                        
SA_REP                   Kimerely                   7000                                                                                                                                                                                        
SA_REP                80 Jonathon                   8600                                                                                                                                                                                        
SA_REP                80 Ellen                     11000                                                                                                                                                                                        
ST_CLERK              50 Randall                    2600                                                                                                                                                                                        
ST_CLERK              50 Curtis                     3100                                                                                                                                                                                        
ST_CLERK              50 Trenna                     3500                                                                                                                                                                                        
ST_CLERK              50 Peter                      2500                                                                                                                                                                                        
ST_MAN                50 Kevin                      5800                                                                                                                                                                                        

20 rows selected.

SQL> SELECT * FROM EMPLOYEES;

EMPLOYEE_ID FIRST_NAME           LAST_NAME                 EMAIL                     PHONE_NUMBER         HIRE_DATE JOB_ID         SALARY COMMISSION_PCT MANAGER_ID DEPARTMENT_ID                                                               
----------- -------------------- ------------------------- ------------------------- -------------------- --------- ---------- ---------- -------------- ---------- -------------                                                               
        100 Steven               King                      SKING                     515.123.4567         17-JUL-87 AD_PRES         24000                                      90                                                               
        101 Neena                Kochhar                   NKOCHHAR                  515.123.4568         21-SEP-89 AD_VP           17000                       100            90                                                               
        102 Lex                  De Haan                   LDEHAAN                   515.123.4569         13-JAN-93 AD_VP           17000                       100            90                                                               
        103 Alexander            Hunold                    AHUNOLD                   590.423.4567         03-JAN-90 IT_PROG          9000                       102            60                                                               
        104 Bruce                Ernst                     BERNST                    590.423.4568         21-MAY-91 IT_PROG          6000                       103            60                                                               
        107 Diana                Lorentz                   DLORENTZ                  590.423.5567         07-FEB-99 IT_PROG          4200                       103            60                                                               
        124 Kevin                Mourgos                   KMOURGOS                  650.123.5234         16-NOV-99 ST_MAN           5800                       100            50                                                               
        141 Trenna               Rajs                      TRAJS                     650.121.8009         17-OCT-95 ST_CLERK         3500                       124            50                                                               
        142 Curtis               Davies                    CDAVIES                   650.121.2994         29-JAN-97 ST_CLERK         3100                       124            50                                                               
        143 Randall              Matos                     RMATOS                    650.121.2874         15-MAR-98 ST_CLERK         2600                       124            50                                                               
        144 Peter                Vargas                    PVARGAS                   650.121.2004         09-JUL-98 ST_CLERK         2500                       124            50                                                               
        149 Eleni                Zlotkey                   EZLOTKEY                  011.44.1344.429018   29-JAN-00 SA_MAN          10500             .2        100            80                                                               
        174 Ellen                Abel                      EABEL                     011.44.1644.429267   11-MAY-96 SA_REP          11000             .3        149            80                                                               
        176 Jonathon             Taylor                    JTAYLOR                   011.44.1644.429265   24-MAR-98 SA_REP           8600             .3        149            80                                                               
        178 Kimerely             Grant                     KGRANT                    011.44.1644.429263   24-MAY-99 SA_REP           7000            .15        149                                                                             
        200 Jennifer             Whalen                    JWAHLEN                   515.123.4444         17-SEP-87 AD_ASST          4400                       101            10                                                               
        201 Michael              Hartstein                 MHARTSTE                  515.123.5555         17-FEB-96 MK_MAN          13000                       100            20                                                               
        202 Pat                  Fay                       PFAY                      603.123.6666         17-AUG-97 MK_REP           6000                       201            20                                                               
        205 Shelley              Higgins                   SHIGGINS                  515.123.8080         07-JUN-94 AC_MGR          12000                       101           110                                                               
        206 William              Gietz                     WGIETZ                    515.123.8181         07-JUN-94 AC_ACCOUNT       8300                       205           110                                                               

20 rows selected.

SQL> SELECT FIRST_NAME, COMMISSION_PCT FROM EMPLOYEES;

FIRST_NAME           COMMISSION_PCT                                                                                                                                                                                                             
-------------------- --------------                                                                                                                                                                                                             
Steven                                                                                                                                                                                                                                          
Neena                                                                                                                                                                                                                                           
Lex                                                                                                                                                                                                                                             
Alexander                                                                                                                                                                                                                                       
Bruce                                                                                                                                                                                                                                           
Diana                                                                                                                                                                                                                                           
Kevin                                                                                                                                                                                                                                           
Trenna                                                                                                                                                                                                                                          
Curtis                                                                                                                                                                                                                                          
Randall                                                                                                                                                                                                                                         
Peter                                                                                                                                                                                                                                           
Eleni                            .2                                                                                                                                                                                                             
Ellen                            .3                                                                                                                                                                                                             
Jonathon                         .3                                                                                                                                                                                                             
Kimerely                        .15                                                                                                                                                                                                             
Jennifer                                                                                                                                                                                                                                        
Michael                                                                                                                                                                                                                                         
Pat                                                                                                                                                                                                                                             
Shelley                                                                                                                                                                                                                                         
William                                                                                                                                                                                                                                         

20 rows selected.

SQL> SELECT FIRST_NAME, COMMISSION_PCT FROM EMPLOYEES ORDER BY COMMISSION_PCT;

FIRST_NAME           COMMISSION_PCT                                                                                                                                                                                                             
-------------------- --------------                                                                                                                                                                                                             
Kimerely                        .15                                                                                                                                                                                                             
Eleni                            .2                                                                                                                                                                                                             
Jonathon                         .3                                                                                                                                                                                                             
Ellen                            .3                                                                                                                                                                                                             
Bruce                                                                                                                                                                                                                                           
Diana                                                                                                                                                                                                                                           
Kevin                                                                                                                                                                                                                                           
Trenna                                                                                                                                                                                                                                          
Curtis                                                                                                                                                                                                                                          
Randall                                                                                                                                                                                                                                         
Peter                                                                                                                                                                                                                                           
Jennifer                                                                                                                                                                                                                                        
Michael                                                                                                                                                                                                                                         
Pat                                                                                                                                                                                                                                             
Shelley                                                                                                                                                                                                                                         
Alexander                                                                                                                                                                                                                                       
Lex                                                                                                                                                                                                                                             
William                                                                                                                                                                                                                                         
Steven                                                                                                                                                                                                                                          
Neena                                                                                                                                                                                                                                           

20 rows selected.

SQL> SELECT FIRST_NAME, COMMISSION_PCT FROM EMPLOYEES ORDER BY COMMISSION_PCT NULLS FIRST;

FIRST_NAME           COMMISSION_PCT                                                                                                                                                                                                             
-------------------- --------------                                                                                                                                                                                                             
Steven                                                                                                                                                                                                                                          
William                                                                                                                                                                                                                                         
Lex                                                                                                                                                                                                                                             
Alexander                                                                                                                                                                                                                                       
Bruce                                                                                                                                                                                                                                           
Diana                                                                                                                                                                                                                                           
Kevin                                                                                                                                                                                                                                           
Trenna                                                                                                                                                                                                                                          
Curtis                                                                                                                                                                                                                                          
Randall                                                                                                                                                                                                                                         
Peter                                                                                                                                                                                                                                           
Neena                                                                                                                                                                                                                                           
Shelley                                                                                                                                                                                                                                         
Pat                                                                                                                                                                                                                                             
Michael                                                                                                                                                                                                                                         
Jennifer                                                                                                                                                                                                                                        
Kimerely                        .15                                                                                                                                                                                                             
Eleni                            .2                                                                                                                                                                                                             
Jonathon                         .3                                                                                                                                                                                                             
Ellen                            .3                                                                                                                                                                                                             

20 rows selected.

SQL> SELECT FIRST_NAME, COMMISSION_PCT FROM EMPLOYEES ORDER BY COMMISSION_PCT DESC NULLS FIRST;

FIRST_NAME           COMMISSION_PCT                                                                                                                                                                                                             
-------------------- --------------                                                                                                                                                                                                             
Steven                                                                                                                                                                                                                                          
William                                                                                                                                                                                                                                         
Lex                                                                                                                                                                                                                                             
Alexander                                                                                                                                                                                                                                       
Bruce                                                                                                                                                                                                                                           
Diana                                                                                                                                                                                                                                           
Kevin                                                                                                                                                                                                                                           
Trenna                                                                                                                                                                                                                                          
Curtis                                                                                                                                                                                                                                          
Randall                                                                                                                                                                                                                                         
Peter                                                                                                                                                                                                                                           
Neena                                                                                                                                                                                                                                           
Shelley                                                                                                                                                                                                                                         
Pat                                                                                                                                                                                                                                             
Michael                                                                                                                                                                                                                                         
Jennifer                                                                                                                                                                                                                                        
Jonathon                         .3                                                                                                                                                                                                             
Ellen                            .3                                                                                                                                                                                                             
Eleni                            .2                                                                                                                                                                                                             
Kimerely                        .15                                                                                                                                                                                                             

20 rows selected.

SQL> SELECT FIRST_NAME, COMMISSION_PCT FROM EMPLOYEES ORDER BY COMMISSION_PCT DESC NULLS LAST;

FIRST_NAME           COMMISSION_PCT                                                                                                                                                                                                             
-------------------- --------------                                                                                                                                                                                                             
Jonathon                         .3                                                                                                                                                                                                             
Ellen                            .3                                                                                                                                                                                                             
Eleni                            .2                                                                                                                                                                                                             
Kimerely                        .15                                                                                                                                                                                                             
Bruce                                                                                                                                                                                                                                           
Diana                                                                                                                                                                                                                                           
Kevin                                                                                                                                                                                                                                           
Trenna                                                                                                                                                                                                                                          
Curtis                                                                                                                                                                                                                                          
Randall                                                                                                                                                                                                                                         
Peter                                                                                                                                                                                                                                           
Jennifer                                                                                                                                                                                                                                        
Michael                                                                                                                                                                                                                                         
Pat                                                                                                                                                                                                                                             
Shelley                                                                                                                                                                                                                                         
Alexander                                                                                                                                                                                                                                       
Lex                                                                                                                                                                                                                                             
William                                                                                                                                                                                                                                         
Steven                                                                                                                                                                                                                                          
Neena                                                                                                                                                                                                                                           

20 rows selected.

SQL> SPOOL OFF
